{
  "index": 1959,
  "original_solution_mapping": {
    "FA": "#### 6",
    "L1": "After going shopping, Abigail had 11 - 2 = <<11-2=9>>9 dollars left.",
    "L2": "This means she lost 9 - 3 = <<9-3=6>>6 dollars."
  },
  "original_function_code": "def solve():\n    \"\"\"Index: 1959.\n    Returns: the amount of money Abigail has lost.\n    \"\"\"\n    # L1\n    start_money = 11 # She had $11 in her purse at the start of the day\n    spent_money = 2 # she spent $2 in a store\n    money_after_shopping_expected = start_money - spent_money\n\n    # L2\n    money_left_actual = 3 # she now has $3 left\n    money_lost = money_after_shopping_expected - money_left_actual\n\n    # FA\n    answer = money_lost\n    return answer\n",
  "mutation_details": {
    "type": "incorrect_final_answer_selection",
    "target_variable": "answer",
    "operand_to_replace": "money_lost",
    "replacement_variable": "money_after_shopping_expected"
  },
  "correct_trace": {
    "start_money": 11,
    "spent_money": 2,
    "money_after_shopping_expected": 9,
    "money_left_actual": 3,
    "money_lost": 6,
    "answer": 6
  },
  "flawed_trace": {
    "start_money": 11,
    "spent_money": 2,
    "money_after_shopping_expected": 9,
    "money_left_actual": 3,
    "money_lost": 6,
    "answer": 9
  },
  "correct_value": 6,
  "flawed_value": 9,
  "logical_steps": [
    {
      "line_number": "L1",
      "question_inputs": [
        "start_money",
        "spent_money"
      ],
      "WK_inputs": [],
      "output_variable": "money_after_shopping_expected",
      "solution_line_template": "After going shopping, Abigail had {start_money} \u2013 {spent_money} = <<{start_money}-{spent_money}={money_after_shopping_expected}>>{money_after_shopping_expected} dollars left."
    },
    {
      "line_number": "L2",
      "question_inputs": [
        "money_left_actual"
      ],
      "WK_inputs": [],
      "output_variable": "money_lost",
      "solution_line_template": "This means she lost {money_after_shopping_expected} \u2013 {money_left_actual} = <<{money_after_shopping_expected}-{money_left_actual}={money_lost}>>{money_lost} dollars."
    }
  ],
  "flawed_nl_reconstruction": {
    "L1": "After going shopping, Abigail had 11 \u2013 2 = <<11-2=9>>9 dollars left.",
    "FA": "#### 9"
  },
  "erroneous_line_number": "FA",
  "explanation": "Incorrect final answer. An intermediate value 'money_after_shopping_expected' (value: 9) was reported instead of 'money_lost' (value: 6).",
  "repro_seed": -3659882222217774267,
  "model_name": "google_gemini-2.5-flash"
}